
> my-v0-project@0.1.0 build
> next build

node.exe : [baseline-browser-mapping] The data in this module is over two months old.  To ensure accurate Baseline 
data, please update: `npm i baseline-browser-mapping@latest -D`
En línea: 1 Carácter: 1
+ & "C:\Program Files\nodejs/node.exe" "C:\Program Files\nodejs/node_mo ...
+ ~~~~~~~~~~~~~~~~~~~~~~~~~~~~~~~~~~~~~~~~~~~~~~~~~~~~~~~~~~~~~~~~~~~~~
    + CategoryInfo          : NotSpecified: ([baseline-brows...ping@latest -D`:String) [], RemoteException
    + FullyQualifiedErrorId : NativeCommandError
 
   Ôû▓ Next.js 16.0.10 (Turbopack)
   - Environments: .env.local
   - Experiments (use with caution):
     Ô£ô turbopackUseSystemTlsCerts

   Creating an optimized production build ...
[baseline-browser-mapping] The data in this module is over two months old.  To ensure accurate Baseline data, please 
update: `npm i baseline-browser-mapping@latest -D`
 Ô£ô Compiled successfully in 84s
   Skipping validation of types
   Collecting page data using 3 workers ...
[baseline-browser-mapping] The data in this module is over two months old.  To ensure accurate Baseline data, please 
update: `npm i baseline-browser-mapping@latest -D`
[baseline-browser-mapping] The data in this module is over two months old.  To ensure accurate Baseline data, please 
update: `npm i baseline-browser-mapping@latest -D`
[baseline-browser-mapping] The data in this module is over two months old.  To ensure accurate Baseline data, please 
update: `npm i baseline-browser-mapping@latest -D`
 ÔÜá Using edge runtime on a page currently disables static generation for that page
   Generating static pages using 3 workers (0/23) ...
[baseline-browser-mapping] The data in this module is over two months old.  To ensure accurate Baseline data, please 
update: `npm i baseline-browser-mapping@latest -D`
   Generating static pages using 3 workers (5/23) 
   Generating static pages using 3 workers (11/23) 
   Generating static pages using 3 workers (17/23) 
 Ô£ô Generating static pages using 3 workers (23/23) in 13.1s
   Finalizing page optimization ...

Route (app)
Ôöî Ôùï /
Ôö£ Ôùï /_not-found
Ôö£ ãÆ /[slug]
Ôö£ ãÆ /access-denied
Ôö£ ãÆ /api/admin/translation-stats
Ôö£ ãÆ /api/ai-fill-context
Ôö£ ãÆ /api/auth/callback
Ôö£ ãÆ /api/auth/profile
Ôö£ ãÆ /api/auth/session
Ôö£ ãÆ /api/chat
Ôö£ ãÆ /api/create-guest-access
Ôö£ ãÆ /api/translate-guide
Ôö£ Ôùï /auth/callback
Ôö£ Ôùï /auth/login
Ôö£ Ôùï /auth/signup
Ôö£ Ôùï /dashboard
Ôö£ Ôùï /dashboard/analytics
Ôö£ ãÆ /dashboard/analytics/conversations
Ôö£ Ôùï /dashboard/bookings
Ôö£ Ôùï /dashboard/calendar
Ôö£ ãÆ /dashboard/guides
Ôö£ Ôùï /dashboard/properties
Ôö£ ãÆ /dashboard/properties/[id]/landing
Ôö£ ãÆ /dashboard/properties/[id]/setup
Ôö£ ãÆ /dashboard/properties/new
Ôö£ Ôùï /dashboard/security
Ôö£ Ôùï /dashboard/settings
Ôö£ Ôùï /guide/demo
Ôöö ãÆ /p/[slug]


ãÆ Proxy (Middleware)

Ôùï  (Static)   prerendered as static content
ãÆ  (Dynamic)  server-rendered on demand

